     1                                  ; haribote-ipl
     2                                  ; TAB=4
     3                                  
     4                                  
     5                                  		ORG		0x7c00              ;   指定從 0x7c00 開始執行	
     6                                  
     7                                  ;   以下是為了標準 FAT12 格式的軟式磁碟片的記述
     8                                  
     9 00000000 EB4E                    		JMP		entry
    10 00000002 90                      		DB		0x90
    11 00000003 48415249424F5445        		DB		"HARIBOTE"		
    12 0000000B 0002                    		DW		512				
    13 0000000D 01                      		DB		1				
    14 0000000E 0100                    		DW		1				
    15 00000010 02                      		DB		2				
    16 00000011 E000                    		DW		224				
    17 00000013 400B                    		DW		2880			
    18 00000015 F0                      		DB		0xf0			
    19 00000016 0900                    		DW		9				
    20 00000018 1200                    		DW		18				
    21 0000001A 0200                    		DW		2				
    22 0000001C 00000000                		DD		0				
    23 00000020 400B0000                		DD		2880			
    24 00000024 000029                  		DB		0,0,0x29		
    25 00000027 FFFFFFFF                		DD		0xffffffff		
    26 0000002B 48415249424F54454F-     		DB		"HARIBOTEOS "	
    26 00000034 5320               
    27 00000036 4641543132202020        		DB		"FAT12   "		
    28 0000003E <res 00000012>          		RESB	18				
    28          ******************       warning: uninitialized space declared in .text section: zeroing [-w+other]
    29                                  
    30                                  
    31                                  
    32                                  
    33                                  ;   程式碼本身
    34                                  
    35                                  entry:
    36 00000050 B80000                  		MOV		AX,0                ;   暫存器初始化
    37 00000053 8ED0                    		MOV		SS,AX
    38 00000055 BC007C                  		MOV		SP,0x7c00
    39 00000058 8ED8                    		MOV		DS,AX
    40                                  
    41                                  
    42                                  ;   ---- 20210517 新增的部份 (START) ----
    43 0000005A B82008                  		MOV		AX,0x0820
    44 0000005D 8EC0                    		MOV		ES,AX
    45 0000005F B500                    		MOV		CH,0                ;   磁柱0			
    46 00000061 B600                    		MOV		DH,0			    ;   磁頭0
    47 00000063 B102                    		MOV		CL,2			    ;   磁區2
    48                                  
    49 00000065 B402                    		MOV		AH,0x02             ;   AH=0x02：讀入磁碟片			
    50 00000067 B001                    		MOV		AL,1			    ;   1個磁區
    51 00000069 BB0000                  		MOV		BX,0
    52 0000006C B200                    		MOV		DL,0x00			    ;   A磁碟機
    53 0000006E CD13                    		INT		0x13			    ;   呼叫磁碟片 BIOS
    54 00000070 7203                            JC     error                 ;   如果出現錯誤就到 fin
    55                                  ;   ---- 20210517 新增的部份 (END) ----
    56                                  
    57                                  
    58                                  
    59                                  fin:
    60 00000072 F4                      		HLT					        ;   直到有了某個物件就將 CPU 停止	
    61 00000073 EBFD                    		JMP		fin				    ;   無限迴圈
    62                                  
    63                                  error:
    64 00000075 BE[8A00]                		MOV		SI,msg
    65                                  putloop:
    66 00000078 8A04                    		MOV		AL,[SI]
    67 0000007A 83C601                  		ADD		SI,1			
    68 0000007D 3C00                    		CMP		AL,0
    69 0000007F 74F1                    		JE		fin
    70 00000081 B40E                    		MOV		AH,0x0e			
    71 00000083 BB0F00                  		MOV		BX,15			
    72 00000086 CD10                    		INT		0x10			
    73 00000088 EBEE                    		JMP		putloop
    74                                  msg:
    75 0000008A 0A0A                    		DB		0x0a, 0x0a		    ;   連續兩個換行
    76 0000008C 6C6F6164206572726F-     		DB		"load error"
    76 00000095 72                 
    77 00000096 0A                      		DB		0x0a			    ;   換行
    78 00000097 00                      		DB		0
    79                                  
    80                                  		;   RESB	0x7dfe-$		;   此行編譯無法通過，故修改成 "TIMES 510-($-$$)   DB  0"
    81                                          
    82 00000098 00<rept>                        TIMES 510-($-$$)    DB      0
    83                                          ;   '$' 代表目前行的位址，'$$' 為目前 section 的位址。(TIMES 意思為重複，先確定次數再確定重複的內容)
    84                                  
    85 000001FE 55AA                    		DB		0x55, 0xaa
